I'm sorry, but errors were detected in your script. Please correct the
errors listed below, and try again.


File "game/screens.rpy", line 330: u'color' is not a keyword argument or valid child for the textbutton statement.
    align(.5, .5) color "#000000"
                       ^

Ren'Py Version: Ren'Py 7.4.11.2266
Sun Jan 30 16:16:08 2022
